## 代码示例

```java
public static void main(String [] args){
    IntStream.range(1, 20000).forEach(
            (i) -> {
                System.out.format("[thread:%s] executor start \n" , Thread.currentThread().getName());
                ThreadPoolExecutor executor  = new ThreadPoolExecutor(
                        10, 20, 300, TimeUnit.MICROSECONDS, new LinkedBlockingDeque<>());
                IntStream.range(1, 2).forEach((j) -> executor.execute(() -> {
                        try {
                            System.out.format("[thread:%s] task start \n" , Thread.currentThread().getName());
                            Thread.sleep(30);
                            System.out.format("[thread:%s] task end \n" , Thread.currentThread().getName());
                        } catch (InterruptedException e) {
                            e.printStackTrace();
                        }
                    }
                ));
            });

    System.out.format("[thread:%s] executor end \n", Thread.currentThread().getName());
}
```

* 执行参数：-XX:+PrintGCDetails -Xmx5m -Xms5m  -XX:+HeapDumpOnOutOfMemoryError

执行结果：

开启第40个线程池时进行了第一次GC：

```
[thread:pool-40-thread-1] task start 
[thread:[GC (Allocation Failure) [PSYoungGen: 1520K->512K(1536K)] 1861K->1008K(5632K), 0.0011504 secs] [Times: user=0.00 sys=0.00, real=0.00 secs] 
main] executor start 
[thread:pool-41-thread-1] task start 
```

开启第3384个线程池时main线程OOM：

` 
[Full GC (Ergonomics) [PSYoungGen: 1024K->1024K(1536K)] [ParOldGen: 4096K->4095K(4096K)] 5120K->5119K(5632K), [Metaspace: 5381K->5381K(1056768K)], 0.0331927 secs] [Times: user=0.09 sys=0.00, real=0.03 secs] 
[Full GC (Allocation Failure) [PSYoungGen: 1024K->1024K(1536K)] [ParOldGen: 4095K->4095K(4096K)] 5119K->5119K(5632K), [Metaspace: 5381K->5381K(1056768K)], 0.0332244 secs] [Times: user=0.09 sys=0.00, real=0.03 secs] 

Exception: java.lang.OutOfMemoryError thrown from the UncaughtExceptionHandler in thread "main"

[Full GC (Ergonomics) [PSYoungGen: 1024K->1024K(1536K)] [ParOldGen: 4095K->4095K(4096K)] 5119K->5119K(5632K), [Metaspace: 5381K->5381K(1056768K)], 0.0408982 secs] [Times: user=0.14 sys=0.00, real=0.04 secs] 
[thread:pool-3385-thread-1] task end 
[Full GC (Ergonomics) [PSYoungGen: 1024K->1024K(1536K)] [ParOldGen: 4095K->4093K(4096K)] 5119K->5117K(5632K), [Metaspace: 5381K->5381K(1056768K)], 0.0426400 secs] [Times: user=0.13 sys=0.01, real=0.04 secs] 
[Full GC (Ergonomics) [PSYoungGen: 1024K->1024K(1536K)] [ParOldGen: 4095K->4093K(4096K)] 5119K->5117K(5632K), [Metaspace: 5384K->5384K(1056768K)], 0.0493870 secs] [Times: user=0.12 sys=0.00, real=0.05 secs] 
[Full GC (Ergonomics) [PSYoungGen: 1024K->1024K(1536K)] [ParOldGen: 4094K->4094K(4096K)] 5118K->5118K(5632K), [Metaspace: 5384K->5384K(1056768K)], 0.0308066 secs] [Times: user=0.08 sys=0.00, real=0.03 secs] 
[Full GC (Ergonomics) [PSYoungGen: 1024K->1024K(1536K)] [ParOldGen: 4094K->4094K(4096K)] 5118K->5118K(5632K), [Metaspace: 5384K->5384K(1056768K)], 0.0385356 secs] [Times: user=0.14 sys=0.01, real=0.04 secs]
[Full GC (Allocation Failure) [PSYoungGen: 1024K->1024K(1536K)] [ParOldGen: 4094K->4094K(4096K)] 5118K->5118K(5632K), [Metaspace: 5384K->5384K(1056768K)], 0.0372246 secs] [Times: user=0.09 sys=0.00, real=0.04 secs] 
*** java.lang.instrument ASSERTION FAILED ***: "!errorOutstanding" with message can't create byte arrau at JPLISAgent.c line: 813
`

堆信息：

`Heap
 PSYoungGen      total 1536K, used 1024K [0x00000007bfe00000, 0x00000007c0000000, 0x00000007c0000000)
  eden space 1024K, 100% used [0x00000007bfe00000,0x00000007bff00000,0x00000007bff00000)
  from space 512K, 0% used [0x00000007bff00000,0x00000007bff00000,0x00000007bff80000)
  to   space 512K, 0% used [0x00000007bff80000,0x00000007bff80000,0x00000007c0000000)
 ParOldGen       total 4096K, used 4095K [0x00000007bfa00000, 0x00000007bfe00000, 0x00000007bfe00000)
  object space 4096K, 99% used [0x00000007bfa00000,0x00000007bfdffdc0,0x00000007bfe00000)
 Metaspace       used 5391K, capacity 5548K, committed 5760K, reserved 1056768K
  class space    used 588K, capacity 629K, committed 640K, reserved 1048576K

Process finished with exit code 130 (interrupted by signal 2: SIGINT)`

当创建3385个线程池后，就持续fullGC，此时主线程申请堆内存时，抛出异常OOM；

